// 重构日志: f3e1c73a
// 重构日志: 48790932
// 重构日志: 7e409a91
// 同步 ID: f1219e01 @ Tue Jul 28 19:12:59 UTC 2026
// 重构日志: 7e4f92c8
// 同步 ID: 54b41d79 @ Thu Jul 30 01:13:35 UTC 2026
// 重构日志: 33f114bf
// 同步 ID: e69140c6 @ Thu Jul 30 17:24:09 UTC 2026
// 重构日志: e3c400d0
// 重构日志: 28c7f3ed
// 重构日志: 8f7aff83
// 重构日志: 75051bb7
// 重构日志: 654ecf68
// 重构日志: 91486e72
// 同步 ID: 224c242a @ Sat Aug  1 11:08:12 UTC 2026
// 同步 ID: 09ef961d @ Sat Aug  1 12:43:22 UTC 2026
// 同步 ID: 16100519 @ Sun Aug  2 01:45:08 UTC 2026
// 重构日志: b1695594
// 重构日志: 7958eacb
// 同步 ID: cc0648bc @ Mon Aug  3 06:01:24 UTC 2026
// 重构日志: fbc2344f
// 重构日志: 00ffb821
// 同步 ID: bd6309dd @ Tue Aug  4 13:24:32 UTC 2026
// 重构日志: dd889229
// 同步 ID: eab351d1 @ Wed Aug  5 16:02:47 UTC 2026
// 重构日志: a004600b
// 重构日志: 2f0c8b38
// 重构日志: 88f08f9e
// 同步 ID: fc37529b @ Fri Aug  7 11:29:53 UTC 2026
// 同步 ID: 176b2719 @ Sat Aug  8 06:22:08 UTC 2026
